Microchip MPLAB XC8 Compiler V2.05 ()

Linker command line:

-W-3 --edf=C:\Program Files (x86)\Microchip\xc8\v2.05\pic\dat\en_msgs.txt \
  -cs -h+dist/default/production\band_con.X.production.sym \
  --cmf=dist/default/production\band_con.X.production.cmf -z -Q18F26K80 \
  -oC:\Users\kazuk\AppData\Local\Temp\skq8.2 --defsym=__MPLAB_BUILD=1 \
  -Mdist/default/production/band_con.X.production.map -E1 -ver=XC8 \
  --acfsm=1493 -ASTACK=06Eh-0E40h -pstack=STACK -ACODE=00h-0FFFFh \
  -ACONST=00h-0FFFFh -ASMALLCONST=0F00h-0FFFhx241 \
  -AMEDIUMCONST=0F00h-0FFFFh -ACOMRAM=01h-05Fh -AABS1=00h-0E40h \
  -ABIGRAM=01h-0E40h -ARAM=060h-0FFh,0100h-01FFhx13,0E00h-0E40h \
  -ABANK0=060h-0FFh -ABANK1=0100h-01FFh -ABANK2=0200h-02FFh \
  -ABANK3=0300h-03FFh -ABANK4=0400h-04FFh -ABANK5=0500h-05FFh \
  -ABANK6=0600h-06FFh -ABANK7=0700h-07FFh -ABANK8=0800h-08FFh \
  -ABANK9=0900h-09FFh -ABANK10=0A00h-0AFFh -ABANK11=0B00h-0BFFh \
  -ABANK12=0C00h-0CFFh -ABANK13=0D00h-0DFFh -ABANK14=0E00h-0E40h \
  -ASFR=0E41h-0EFFh,0F00h-0F5Fh,0F60h-0FFFh \
  -preset_vec=00h,intcode=08h,intcodelo,powerup,init -pramtop=0F00h \
  -psmallconst=SMALLCONST -pmediumconst=MEDIUMCONST -pconst=CONST \
  -AFARRAM=00h-00h -ACONFIG=0300000h-030000Dh -pconfig=CONFIG \
  -AIDLOC=0200000h-0200007h -pidloc=IDLOC -AEEDATA=0F00000h-0F003FFh \
  -peeprom_data=EEDATA \
  -prdata=COMRAM,nvrram=COMRAM,nvbit=COMRAM,rbss=COMRAM,rbit=COMRAM \
  -pfarbss=FARRAM,fardata=FARRAM,nvFARRAM=FARRAM \
  -pintsave_regs=BIGRAM,bigbss=BIGRAM,bigdata=BIGRAM -pbss=RAM \
  -pidata=CODE,irdata=CODE,ibigdata=CODE,ifardata=CODE -prparam=COMRAM \
  C:\Users\kazuk\AppData\Local\Temp\skq8.o \
  dist/default/production\band_con.X.production.o 

Object code version is 3.11

Machine type is 18F26K80

Call graph: (short form)




                Name                               Link     Load   Length Selector   Space Scale
C:\Users\kazuk\AppData\Local\Temp\skq8.o
                init                                 30       30        4        4       0
                reset_vec                             0        0        4        0       0
                idloc                            200000   200000        8   200000       0
                config                           300000   300000        E   300000       0
dist/default/production\band_con.X.production.o
                intcode                               8        8       28        4       0
                temp                                 5A       5A        1        1       1
                text20                              690      690      138        4       0
                text19                              CCA      CCA       76        4       0
                text18                              274      274      224        4       0
                text17                              B18      B18       AE        4       0
                text16                              F46      F46       10        4       0
                text15                              A64      A64       B4        4       0
                text14                              9A6      9A6       BE        4       0
                text13                              498      498      1F8        4       0
                text12                              D96      D96       4A        4       0
                text11                              F04      F04       2A        4       0
                text10                              F2E      F2E       18        4       0
                text9                               EA2      EA2       32        4       0
                text8                               ED4      ED4       30        4       0
                text7                               E6E      E6E       34        4       0
                text6                               C50      C50       7A        4       0
                text5                               7C8      7C8      112        4       0
                text4                               8DA      8DA       CC        4       0
                text3                               D40      D40       56        4       0
                text2                               BC6      BC6       8A        4       0
                text1                               DE0      DE0       48        4       0
                text0                                34       34      240        4       0
                cstackCOMRAM                          1        1       30        1       1
                bssBANK0                             60       60        E       60       1
                dataCOMRAM                           50       50        8        1       1
                bssCOMRAM                            31       31       1F        1       1
                cinit                               E28      E28       46        4       0
                nvCOMRAM                             58       58        2        1       1
                idataCOMRAM                         F56      F56        8        4       0

TOTAL           Name                               Link     Load   Length     Space
        CLASS   STACK          

        CLASS   CODE           
                intcode                               8        8       28         0
                init                                 30       30        4         0
                reset_vec                             0        0        4         0
                text20                              690      690      138         0
                text19                              CCA      CCA       76         0
                text18                              274      274      224         0
                text17                              B18      B18       AE         0
                text16                              F46      F46       10         0
                text15                              A64      A64       B4         0
                text14                              9A6      9A6       BE         0
                text13                              498      498      1F8         0
                text12                              D96      D96       4A         0
                text11                              F04      F04       2A         0
                text10                              F2E      F2E       18         0
                text9                               EA2      EA2       32         0
                text8                               ED4      ED4       30         0
                text7                               E6E      E6E       34         0
                text6                               C50      C50       7A         0
                text5                               7C8      7C8      112         0
                text4                               8DA      8DA       CC         0
                text3                               D40      D40       56         0
                text2                               BC6      BC6       8A         0
                text1                               DE0      DE0       48         0
                text0                                34       34      240         0
                cinit                               E28      E28       46         0
                idataCOMRAM                         F56      F56        8         0

        CLASS   CONST          

        CLASS   SMALLCONST     

        CLASS   MEDIUMCONST    

        CLASS   COMRAM         
                temp                                 5A       5A        1         1
                cstackCOMRAM                          1        1       30         1
                dataCOMRAM                           50       50        8         1
                bssCOMRAM                            31       31       1F         1
                nvCOMRAM                             58       58        2         1

        CLASS   ABS1           

        CLASS   BIGRAM         

        CLASS   RAM            

        CLASS   BANK0          
                bssBANK0                             60       60        E         1

        CLASS   BANK1          

        CLASS   BANK2          

        CLASS   BANK3          

        CLASS   BANK4          

        CLASS   BANK5          

        CLASS   BANK6          

        CLASS   BANK7          

        CLASS   BANK8          

        CLASS   BANK9          

        CLASS   BANK10         

        CLASS   BANK11         

        CLASS   BANK12         

        CLASS   BANK13         

        CLASS   BANK14         

        CLASS   SFR            

        CLASS   FARRAM         

        CLASS   CONFIG         
                config                           300000   300000        E         0

        CLASS   IDLOC          
                idloc                            200000   200000        8         0

        CLASS   EEDATA         



SEGMENTS        Name                           Load    Length   Top    Selector   Space  Class

                reset_vec                      000000  000004  000004         0       0  CODE    
                cstackCOMRAM                   000001  00005A  00005B         1       1  COMRAM  
                intcode                        000008  000F56  000F5E         4       0  CODE    
                bssBANK0                       000060  00000E  00006E        60       1  BANK0   
                idloc                          200000  000008  200008    200000       0  IDLOC   
                config                         300000  00000E  30000E    300000       0  CONFIG  


UNUSED ADDRESS RANGES

        Name                Unused          Largest block    Delta
        BANK0            00006E-0000FF               92
        BANK1            000100-0001FF              100
        BANK10           000A00-000AFF              100
        BANK11           000B00-000BFF              100
        BANK12           000C00-000CFF              100
        BANK13           000D00-000DFF              100
        BANK14           000E00-000E40               41
        BANK2            000200-0002FF              100
        BANK3            000300-0003FF              100
        BANK4            000400-0004FF              100
        BANK5            000500-0005FF              100
        BANK6            000600-0006FF              100
        BANK7            000700-0007FF              100
        BANK8            000800-0008FF              100
        BANK9            000900-0009FF              100
        BIGRAM           00005B-00005F                5
                         00006E-000E40              DD3
        CODE             000004-000007                4
                         000F5E-00FFFF             F0A2
        COMRAM           00005B-00005F                5
        CONST            000004-000007                4
                         000F5E-00FFFF             F0A2
        EEDATA           F00000-F003FF              400
        MEDIUMCONST      000F5E-00FFFF             F0A2
        RAM              00006E-000E40              100
        SFR              000E41-000FFF               BF
        SMALLCONST       000F5E-00FFFF              100
        STACK            00006E-000E40              DD3

                                  Symbol Table

?_L6470_GetRegister                                cstackCOMRAM 000002
?_L6470_Init                                       cstackCOMRAM 000015
?_L6470_change                                     cstackCOMRAM 000001
?___aldiv                                          cstackCOMRAM 00000D
?___lmul                                           cstackCOMRAM 000001
?_convertReg2ExtendedCANid                         cstackCOMRAM 000001
?_convertReg2StandardCANid                         cstackCOMRAM 000001
CAN_receive@returnValue                            cstackCOMRAM 000016
CAN_receive@tempCanMsg                             cstackCOMRAM 000014
CMD_Send@cmd                                       cstackCOMRAM 000010
CMD_Send@dt                                        cstackCOMRAM 00000C
CMD_Send@i                                         cstackCOMRAM 000011
CMD_Send@num                                       cstackCOMRAM 000006
CMD_Send@val                                       cstackCOMRAM 000002
L6470_CMD@command                                  cstackCOMRAM 000002
L6470_GetRegister@ans                              cstackCOMRAM 000011
L6470_GetRegister@dt                               cstackCOMRAM 00000A
L6470_GetRegister@i                                cstackCOMRAM 00000E
L6470_GetRegister@num                              cstackCOMRAM 000002
L6470_GetRegister@regadrs                          cstackCOMRAM 000010
L6470_Init@config                                  cstackCOMRAM 000019
L6470_Init@i                                       cstackCOMRAM 000020
L6470_Init@step_mode                               cstackCOMRAM 00001B
L6470_Init@val                                     cstackCOMRAM 00001C
L6470_Move@dir                                     cstackCOMRAM 000017
L6470_Move@step                                    cstackCOMRAM 000013
L6470_Run@dir                                      cstackCOMRAM 000017
L6470_Run@speed                                    cstackCOMRAM 000013
L6470_Stop@F12231                                  dataCOMRAM   000050
L6470_Stop@cmd                                     cstackCOMRAM 000004
L6470_Stop@mode                                    cstackCOMRAM 000002
L6470_change@dt                                    cstackCOMRAM 000001
L6470_change@i                                     cstackCOMRAM 00000A
L6470_change@num                                   cstackCOMRAM 000003
L6470_change@val                                   cstackCOMRAM 00000C
SPI_Init@con                                       cstackCOMRAM 000005
SPI_Init@divider                                   cstackCOMRAM 000001
SPI_Init@mode                                      cstackCOMRAM 000006
SPI_Init@sdo                                       cstackCOMRAM 000002
SPI_Init@stat                                      cstackCOMRAM 000004
SPI_transfer@dt                                    cstackCOMRAM 000001
ServoOut@angle                                     cstackCOMRAM 00001B
ServoOut@value                                     cstackCOMRAM 00001D
Wait@i                                             cstackCOMRAM 000004
Wait@num                                           cstackCOMRAM 000001
_ANCON0                                            (abs)        000F5D
_ANCON1                                            (abs)        000F5C
_BRGCON1                                           (abs)        000E43
_BRGCON2                                           (abs)        000E44
_BRGCON3                                           (abs)        000E45
_Busy                                              bssCOMRAM    000043
_CANCON                                            (abs)        000F6F
_CANSTAT                                           (abs)        000F6E
_CAN_receive                                       text18       000274
_CIOCON                                            (abs)        000F70
_CMD_Send                                          text15       000A64
_COMSTATbits                                       (abs)        000F71
_ECANCON                                           (abs)        000F72
_ECAN_Initialize                                   text17       000B18
_INTCON2bits                                       (abs)        000FF1
_INTCONbits                                        (abs)        000FF2
_InterTimer                                        intcode      000008
_L6470_CMD                                         text10       000F2E
_L6470_GetRegister                                 text14       0009A6
_L6470_Init                                        text13       000498
_L6470_Move                                        text9        000EA2
_L6470_Run                                         text8        000ED4
_L6470_Stop                                        text7        000E6E
_L6470_change                                      text6        000C50
_L6470_command                                     text5        0007C8
_OSCCON                                            (abs)        000FD3
_PIE1bits                                          (abs)        000F9D
_PIE2bits                                          (abs)        000FA0
_PIE5bits                                          (abs)        000F76
_PIR1bits                                          (abs)        000F9E
_PIR2bits                                          (abs)        000FA1
_PIR5bits                                          (abs)        000F77
_PORTA                                             (abs)        000F80
_PORTAbits                                         (abs)        000F80
_PORTB                                             (abs)        000F81
_PORTBbits                                         (abs)        000F81
_PORTC                                             (abs)        000F82
_PORTCbits                                         (abs)        000F82
_RXB0CONbits                                       (abs)        000F60
_RXB0D0                                            (abs)        000F66
_RXB0D1                                            (abs)        000F67
_RXB0D2                                            (abs)        000F68
_RXB0D3                                            (abs)        000F69
_RXB0D4                                            (abs)        000F6A
_RXB0D5                                            (abs)        000F6B
_RXB0D6                                            (abs)        000F6C
_RXB0D7                                            (abs)        000F6D
_RXB0DLC                                           (abs)        000F65
_RXB0EIDH                                          (abs)        000F63
_RXB0EIDL                                          (abs)        000F64
_RXB0SIDH                                          (abs)        000F61
_RXB0SIDL                                          (abs)        000F62
_RXB1CONbits                                       (abs)        000F30
_RXB1D0                                            (abs)        000F36
_RXB1D1                                            (abs)        000F37
_RXB1D2                                            (abs)        000F38
_RXB1D3                                            (abs)        000F39
_RXB1D4                                            (abs)        000F3A
_RXB1D5                                            (abs)        000F3B
_RXB1D6                                            (abs)        000F3C
_RXB1D7                                            (abs)        000F3D
_RXB1DLC                                           (abs)        000F35
_RXB1EIDH                                          (abs)        000F33
_RXB1EIDL                                          (abs)        000F34
_RXB1SIDH                                          (abs)        000F31
_RXB1SIDL                                          (abs)        000F32
_RXF0EIDH                                          (abs)        000EE2
_RXF0EIDL                                          (abs)        000EE3
_RXF0SIDH                                          (abs)        000EE0
_RXF0SIDL                                          (abs)        000EE1
_RXF1EIDH                                          (abs)        000EE6
_RXF1EIDL                                          (abs)        000EE7
_RXF1SIDH                                          (abs)        000EE4
_RXF1SIDL                                          (abs)        000EE5
_RXF2EIDH                                          (abs)        000EEA
_RXF2EIDL                                          (abs)        000EEB
_RXF2SIDH                                          (abs)        000EE8
_RXF2SIDL                                          (abs)        000EE9
_RXF3EIDH                                          (abs)        000EEE
_RXF3EIDL                                          (abs)        000EEF
_RXF3SIDH                                          (abs)        000EEC
_RXF3SIDL                                          (abs)        000EED
_RXF4EIDH                                          (abs)        000EF2
_RXF4EIDL                                          (abs)        000EF3
_RXF4SIDH                                          (abs)        000EF0
_RXF4SIDL                                          (abs)        000EF1
_RXF5EIDH                                          (abs)        000EF6
_RXF5EIDL                                          (abs)        000EF7
_RXF5SIDH                                          (abs)        000EF4
_RXF5SIDL                                          (abs)        000EF5
_RXM0EIDH                                          (abs)        000EFA
_RXM0EIDL                                          (abs)        000EFB
_RXM0SIDH                                          (abs)        000EF8
_RXM0SIDL                                          (abs)        000EF9
_RXM1EIDH                                          (abs)        000EFE
_RXM1EIDL                                          (abs)        000EFF
_RXM1SIDH                                          (abs)        000EFC
_RXM1SIDL                                          (abs)        000EFD
_SPI_Init                                          text12       000D96
_SPI_transfer                                      text16       000F46
_SSPADD                                            (abs)        000FC8
_SSPBUF                                            (abs)        000FC9
_SSPCON1                                           (abs)        000FC6
_SSPSTAT                                           (abs)        000FC7
_SSPSTATbits                                       (abs)        000FC7
_ServoOut                                          text2        000BC6
_T1CON                                             (abs)        000FCD
_T1CONbits                                         (abs)        000FCD
_T1time                                            nvCOMRAM     000058
_T3CON                                             (abs)        000FB1
_T3CONbits                                         (abs)        000FB1
_TMR1H                                             (abs)        000FCF
_TMR1L                                             (abs)        000FCE
_TMR3H                                             (abs)        000FB3
_TMR3L                                             (abs)        000FB2
_TRISA                                             (abs)        000F92
_TRISB                                             (abs)        000F93
_TRISC                                             (abs)        000F94
_TXB0CONbits                                       (abs)        000F20
_TXB0D0                                            (abs)        000F26
_TXB0D1                                            (abs)        000F27
_TXB0D2                                            (abs)        000F28
_TXB0D3                                            (abs)        000F29
_TXB0D4                                            (abs)        000F2A
_TXB0D5                                            (abs)        000F2B
_TXB0D6                                            (abs)        000F2C
_TXB0D7                                            (abs)        000F2D
_TXB0DLC                                           (abs)        000F25
_TXB0EIDH                                          (abs)        000F23
_TXB0EIDL                                          (abs)        000F24
_TXB0SIDH                                          (abs)        000F21
_TXB0SIDL                                          (abs)        000F22
_TXB1CONbits                                       (abs)        000F10
_TXB1D0                                            (abs)        000F16
_TXB1D1                                            (abs)        000F17
_TXB1D2                                            (abs)        000F18
_TXB1D3                                            (abs)        000F19
_TXB1D4                                            (abs)        000F1A
_TXB1D5                                            (abs)        000F1B
_TXB1D6                                            (abs)        000F1C
_TXB1D7                                            (abs)        000F1D
_TXB1DLC                                           (abs)        000F15
_TXB1EIDH                                          (abs)        000F13
_TXB1EIDL                                          (abs)        000F14
_TXB1SIDH                                          (abs)        000F11
_TXB1SIDL                                          (abs)        000F12
_TXB2CONbits                                       (abs)        000F00
_TXB2D0                                            (abs)        000F06
_TXB2D1                                            (abs)        000F07
_TXB2D2                                            (abs)        000F08
_TXB2D3                                            (abs)        000F09
_TXB2D4                                            (abs)        000F0A
_TXB2D5                                            (abs)        000F0B
_TXB2D6                                            (abs)        000F0C
_TXB2D7                                            (abs)        000F0D
_TXB2DLC                                           (abs)        000F05
_TXB2EIDH                                          (abs)        000F03
_TXB2EIDL                                          (abs)        000F04
_TXB2SIDH                                          (abs)        000F01
_TXB2SIDL                                          (abs)        000F02
_WPUB                                              (abs)        000F5B
_Wait                                              text11       000F04
__CFG_BBSIZ$BB2K                                   (abs)        000000
__CFG_BOREN$SBORDIS                                (abs)        000000
__CFG_BORPWR$ZPBORMV                               (abs)        000000
__CFG_BORV$3                                       (abs)        000000
__CFG_CANMX$PORTB                                  (abs)        000000
__CFG_CP0$OFF                                      (abs)        000000
__CFG_CP1$OFF                                      (abs)        000000
__CFG_CP2$OFF                                      (abs)        000000
__CFG_CP3$OFF                                      (abs)        000000
__CFG_CPB$OFF                                      (abs)        000000
__CFG_CPD$OFF                                      (abs)        000000
__CFG_EBTR0$OFF                                    (abs)        000000
__CFG_EBTR1$OFF                                    (abs)        000000
__CFG_EBTR2$OFF                                    (abs)        000000
__CFG_EBTR3$OFF                                    (abs)        000000
__CFG_EBTRB$OFF                                    (abs)        000000
__CFG_FCMEN$OFF                                    (abs)        000000
__CFG_FOSC$INTIO2                                  (abs)        000000
__CFG_IESO$OFF                                     (abs)        000000
__CFG_INTOSCSEL$HIGH                               (abs)        000000
__CFG_MCLRE$ON                                     (abs)        000000
__CFG_MSSPMSK$MSK7                                 (abs)        000000
__CFG_PLLCFG$OFF                                   (abs)        000000
__CFG_PWRTEN$OFF                                   (abs)        000000
__CFG_RETEN$OFF                                    (abs)        000000
__CFG_SOSCSEL$DIG                                  (abs)        000000
__CFG_STVREN$ON                                    (abs)        000000
__CFG_WDTEN$SWDTDIS                                (abs)        000000
__CFG_WDTPS$1048576                                (abs)        000000
__CFG_WRT0$OFF                                     (abs)        000000
__CFG_WRT1$OFF                                     (abs)        000000
__CFG_WRT2$OFF                                     (abs)        000000
__CFG_WRT3$OFF                                     (abs)        000000
__CFG_WRTB$OFF                                     (abs)        000000
__CFG_WRTC$OFF                                     (abs)        000000
__CFG_WRTD$OFF                                     (abs)        000000
__CFG_XINST$OFF                                    (abs)        000000
__HRAM                                             (abs)        000000
__Habs1                                            abs1         000000
__Hbank0                                           bank0        000000
__Hbank1                                           bank1        000000
__Hbank10                                          bank10       000000
__Hbank11                                          bank11       000000
__Hbank12                                          bank12       000000
__Hbank13                                          bank13       000000
__Hbank14                                          bank14       000000
__Hbank2                                           bank2        000000
__Hbank3                                           bank3        000000
__Hbank4                                           bank4        000000
__Hbank5                                           bank5        000000
__Hbank6                                           bank6        000000
__Hbank7                                           bank7        000000
__Hbank8                                           bank8        000000
__Hbank9                                           bank9        000000
__Hbigbss                                          bigbss       000000
__Hbigdata                                         bigdata      000000
__Hbigram                                          bigram       000000
__Hbss                                             bss          000000
__HbssBANK0                                        bssBANK0     000000
__HbssCOMRAM                                       bssCOMRAM    000000
__Hcinit                                           cinit        000000
__Hclrtext                                         clrtext      000000
__Hcomram                                          comram       000000
__Hconfig                                          config       30000E
__Hconst                                           const        000000
__HcstackCOMRAM                                    cstackCOMRAM 000000
__Hdata                                            data         000000
__HdataCOMRAM                                      dataCOMRAM   000000
__Heeprom_data                                     eeprom_data  000000
__Hfarbss                                          farbss       000000
__Hfardata                                         fardata      000000
__Hibigdata                                        ibigdata     000000
__Hidata                                           idata        000000
__HidataCOMRAM                                     idataCOMRAM  000000
__Hidloc                                           idloc        200008
__Hifardata                                        ifardata     000000
__Hinit                                            init         000034
__Hintcode                                         intcode      000030
__Hintcode_body                                    intcode_body 000000
__Hintcodelo                                       intcodelo    000030
__Hintentry                                        intentry     000000
__Hintret                                          intret       000000
__Hintsave_regs                                    intsave_regs 000000
__Hirdata                                          irdata       000000
__Hmediumconst                                     mediumconst  000000
__HnvCOMRAM                                        nvCOMRAM     000000
__HnvFARRAM                                        nvFARRAM     000000
__Hnvbit                                           nvbit        000000
__Hnvrram                                          nvrram       000000
__Hparam                                           rparam       000000
__Hpowerup                                         powerup      000030
__Hram                                             ram          000000
__Hramtop                                          ramtop       000F00
__Hrbit                                            rbit         000000
__Hrbss                                            rbss         000000
__Hrdata                                           rdata        000000
__Hreset_vec                                       reset_vec    000004
__Hrparam                                          rparam       000000
__Hsfr                                             sfr          000000
__Hsmallconst                                      smallconst   000000
__Hspace_0                                         (abs)        30000E
__Hspace_1                                         (abs)        00006E
__Hspace_2                                         (abs)        000000
__Hstack                                           stack        000000
__Hstruct                                          struct       000000
__Htemp                                            temp         00005B
__Htext                                            text         000000
__Htext0                                           text0        000000
__Htext1                                           text1        000000
__Htext10                                          text10       000000
__Htext11                                          text11       000000
__Htext12                                          text12       000000
__Htext13                                          text13       000000
__Htext14                                          text14       000000
__Htext15                                          text15       000000
__Htext16                                          text16       000000
__Htext17                                          text17       000000
__Htext18                                          text18       000000
__Htext19                                          text19       000000
__Htext2                                           text2        000000
__Htext20                                          text20       000000
__Htext3                                           text3        000000
__Htext4                                           text4        000000
__Htext5                                           text5        000000
__Htext6                                           text6        000000
__Htext7                                           text7        000000
__Htext8                                           text8        000000
__Htext9                                           text9        000000
__LRAM                                             (abs)        000001
__Labs1                                            abs1         000000
__Lbank0                                           bank0        000000
__Lbank1                                           bank1        000000
__Lbank10                                          bank10       000000
__Lbank11                                          bank11       000000
__Lbank12                                          bank12       000000
__Lbank13                                          bank13       000000
__Lbank14                                          bank14       000000
__Lbank2                                           bank2        000000
__Lbank3                                           bank3        000000
__Lbank4                                           bank4        000000
__Lbank5                                           bank5        000000
__Lbank6                                           bank6        000000
__Lbank7                                           bank7        000000
__Lbank8                                           bank8        000000
__Lbank9                                           bank9        000000
__Lbigbss                                          bigbss       000000
__Lbigdata                                         bigdata      000000
__Lbigram                                          bigram       000000
__Lbss                                             bss          000000
__LbssBANK0                                        bssBANK0     000000
__LbssCOMRAM                                       bssCOMRAM    000000
__Lcinit                                           cinit        000000
__Lclrtext                                         clrtext      000000
__Lcomram                                          comram       000000
__Lconfig                                          config       300000
__Lconst                                           const        000000
__LcstackCOMRAM                                    cstackCOMRAM 000000
__Ldata                                            data         000000
__LdataCOMRAM                                      dataCOMRAM   000000
__Leeprom_data                                     eeprom_data  000000
__Lfarbss                                          farbss       000000
__Lfardata                                         fardata      000000
__Libigdata                                        ibigdata     000000
__Lidata                                           idata        000000
__LidataCOMRAM                                     idataCOMRAM  000000
__Lidloc                                           idloc        200000
__Lifardata                                        ifardata     000000
__Linit                                            init         000030
__Lintcode                                         intcode      000008
__Lintcode_body                                    intcode_body 000000
__Lintcodelo                                       intcodelo    000030
__Lintentry                                        intentry     000000
__Lintret                                          intret       000000
__Lintsave_regs                                    intsave_regs 000000
__Lirdata                                          irdata       000000
__Lmediumconst                                     mediumconst  000000
__LnvCOMRAM                                        nvCOMRAM     000000
__LnvFARRAM                                        nvFARRAM     000000
__Lnvbit                                           nvbit        000000
__Lnvrram                                          nvrram       000000
__Lparam                                           rparam       000000
__Lpowerup                                         powerup      000030
__Lram                                             ram          000000
__Lramtop                                          ramtop       000F00
__Lrbit                                            rbit         000000
__Lrbss                                            rbss         000000
__Lrdata                                           rdata        000000
__Lreset_vec                                       reset_vec    000000
__Lrparam                                          rparam       000000
__Lsfr                                             sfr          000000
__Lsmallconst                                      smallconst   000000
__Lspace_0                                         (abs)        000000
__Lspace_1                                         (abs)        000000
__Lspace_2                                         (abs)        000000
__Lstack                                           stack        000000
__Lstruct                                          struct       000000
__Ltemp                                            temp         00005A
__Ltext                                            text         000000
__Ltext0                                           text0        000000
__Ltext1                                           text1        000000
__Ltext10                                          text10       000000
__Ltext11                                          text11       000000
__Ltext12                                          text12       000000
__Ltext13                                          text13       000000
__Ltext14                                          text14       000000
__Ltext15                                          text15       000000
__Ltext16                                          text16       000000
__Ltext17                                          text17       000000
__Ltext18                                          text18       000000
__Ltext19                                          text19       000000
__Ltext2                                           text2        000000
__Ltext20                                          text20       000000
__Ltext3                                           text3        000000
__Ltext4                                           text4        000000
__Ltext5                                           text5        000000
__Ltext6                                           text6        000000
__Ltext7                                           text7        000000
__Ltext8                                           text8        000000
__Ltext9                                           text9        000000
__S0                                               (abs)        30000E
__S1                                               (abs)        00006E
__S2                                               (abs)        000000
___aldiv                                           text4        0008DA
___aldiv@counter                                   cstackCOMRAM 000015
___aldiv@dividend                                  cstackCOMRAM 00000D
___aldiv@divisor                                   cstackCOMRAM 000011
___aldiv@quotient                                  cstackCOMRAM 000017
___aldiv@sign                                      cstackCOMRAM 000016
___inthi_sp                                        stack        000000
___intlo_sp                                        stack        000000
___lmul                                            text3        000D40
___lmul@multiplicand                               cstackCOMRAM 000005
___lmul@multiplier                                 cstackCOMRAM 000001
___lmul@product                                    cstackCOMRAM 000009
___param_bank                                      (abs)        000000
___rparam_used                                     (abs)        000001
___sp                                              stack        000000
__accesstop                                        (abs)        000060
__activetblptr                                     (abs)        000002
__end_of_CAN_receive                               text18       000498
__end_of_CMD_Send                                  text15       000B18
__end_of_ECAN_Initialize                           text17       000BC6
__end_of_InterTimer                                intcode      000030
__end_of_L6470_CMD                                 text10       000F46
__end_of_L6470_GetRegister                         text14       000A64
__end_of_L6470_Init                                text13       000690
__end_of_L6470_Move                                text9        000ED4
__end_of_L6470_Run                                 text8        000F04
__end_of_L6470_Stop                                text7        000EA2
__end_of_L6470_change                              text6        000CCA
__end_of_L6470_command                             text5        0008DA
__end_of_SPI_Init                                  text12       000DE0
__end_of_SPI_transfer                              text16       000F56
__end_of_ServoOut                                  text2        000C50
__end_of_Wait                                      text11       000F2E
__end_of___aldiv                                   text4        0009A6
__end_of___lmul                                    text3        000D96
__end_of__initialization                           cinit        000E60
__end_of_can_recieve                               text1        000E28
__end_of_convertReg2ExtendedCANid                  text20       0007C8
__end_of_convertReg2StandardCANid                  text19       000D40
__end_of_main                                      text0        000274
__initialization                                   cinit        000E28
__mediumconst                                      mediumconst  000000
__pbssBANK0                                        bssBANK0     000060
__pbssCOMRAM                                       bssCOMRAM    000031
__pcinit                                           cinit        000E28
__pcstackCOMRAM                                    cstackCOMRAM 000001
__pdataCOMRAM                                      dataCOMRAM   000050
__pidataCOMRAM                                     idataCOMRAM  000F56
__pintcode                                         intcode      000008
__pnvCOMRAM                                        nvCOMRAM     000058
__ptext0                                           text0        000034
__ptext1                                           text1        000DE0
__ptext10                                          text10       000F2E
__ptext11                                          text11       000F04
__ptext12                                          text12       000D96
__ptext13                                          text13       000498
__ptext14                                          text14       0009A6
__ptext15                                          text15       000A64
__ptext16                                          text16       000F46
__ptext17                                          text17       000B18
__ptext18                                          text18       000274
__ptext19                                          text19       000CCA
__ptext2                                           text2        000BC6
__ptext20                                          text20       000690
__ptext3                                           text3        000D40
__ptext4                                           text4        0008DA
__ptext5                                           text5        0007C8
__ptext6                                           text6        000C50
__ptext7                                           text7        000E6E
__ptext8                                           text8        000ED4
__ptext9                                           text9        000EA2
__ramtop                                           ramtop       000F00
__size_of_CAN_receive                              (abs)        000000
__size_of_CMD_Send                                 (abs)        000000
__size_of_ECAN_Initialize                          (abs)        000000
__size_of_InterTimer                               (abs)        000000
__size_of_L6470_CMD                                (abs)        000000
__size_of_L6470_GetRegister                        (abs)        000000
__size_of_L6470_Init                               (abs)        000000
__size_of_L6470_Move                               (abs)        000000
__size_of_L6470_Run                                (abs)        000000
__size_of_L6470_Stop                               (abs)        000000
__size_of_L6470_change                             (abs)        000000
__size_of_L6470_command                            (abs)        000000
__size_of_SPI_Init                                 (abs)        000000
__size_of_SPI_transfer                             (abs)        000000
__size_of_ServoOut                                 (abs)        000000
__size_of_Wait                                     (abs)        000000
__size_of___aldiv                                  (abs)        000000
__size_of___lmul                                   (abs)        000000
__size_of_can_recieve                              (abs)        000000
__size_of_convertReg2ExtendedCANid                 (abs)        000000
__size_of_convertReg2StandardCANid                 (abs)        000000
__size_of_main                                     (abs)        000000
__smallconst                                       smallconst   000000
_arm_mode_flag                                     bssCOMRAM    000045
_can_recieve                                       text1        000DE0
_convertReg2ExtendedCANid                          text20       000690
_convertReg2StandardCANid                          text19       000CCA
_data                                              bssCOMRAM    000048
_main                                              text0        000034
_pos                                               bssCOMRAM    00003F
_rxMessage                                         bssBANK0     000060
_servo_Angle                                       dataCOMRAM   000054
_servo_Flag                                        bssCOMRAM    000047
_txMessage                                         bssCOMRAM    000031
btemp                                              temp         00005A
can_recieve@rxMessage                              cstackCOMRAM 000021
convertReg2ExtendedCANid@CAN_standardLo_ID_hi3bits cstackCOMRAM 00000F
convertReg2ExtendedCANid@CAN_standardLo_ID_lo2bits cstackCOMRAM 00000E
convertReg2ExtendedCANid@ConvertedID               cstackCOMRAM 000010
convertReg2ExtendedCANid@returnValue               cstackCOMRAM 00000A
convertReg2ExtendedCANid@tempRXBn_EIDH             cstackCOMRAM 000009
convertReg2ExtendedCANid@tempRXBn_EIDL             cstackCOMRAM 000001
convertReg2ExtendedCANid@tempRXBn_SIDH             cstackCOMRAM 000002
convertReg2ExtendedCANid@tempRXBn_SIDL             cstackCOMRAM 000003
convertReg2StandardCANid@ConvertedID               cstackCOMRAM 00000C
convertReg2StandardCANid@returnValue               cstackCOMRAM 000008
convertReg2StandardCANid@tempRXBn_SIDH             cstackCOMRAM 000007
convertReg2StandardCANid@tempRXBn_SIDL             cstackCOMRAM 000001
end_of_initialization                              cinit        000E60
int$flags                                          temp         00005A
intlevel0                                          text         000000
intlevel1                                          text         000000
intlevel2                                          text         000000
intlevel3                                          text         000000
stackhi                                            (abs)        000E40
stacklo                                            (abs)        00006E
start                                              init         000030
start_initialization                               cinit        000E28
ttemp5                                             temp         00005B
ttemp6                                             temp         00005E
ttemp7                                             temp         000062
wtemp8                                             temp         00005B


FUNCTION INFORMATION:

 *************** function _main *****************
 Defined at:
		line 109 in file "main.c"
 Parameters:    Size  Location     Type
		None
 Auto vars:     Size  Location     Type
  ans             4    0        unsigned long 
 Return value:  Size  Location     Type
                  1    wreg      void 
 Registers used:
		wreg, fsr0l, fsr0h, fsr2l, fsr2h, status,2, status,0, prodl, prodh, cstack
 Tracked objects:
		On entry : 
		On exit  : 
		Unchanged: 
 Data sizes:     COMRAM   BANK0   BANK1   BANK2   BANK3   BANK4   BANK5   BANK6   BANK7   BANK8   BANK9  BANK10  BANK11  BANK12  BANK13  BANK14
      Params:         0       0       0       0       0       0       0       0       0       0       0       0       0       0       0       0
      Locals:         4       0       0       0       0       0       0       0       0       0       0       0       0       0       0       0
      Temps:          2       0       0       0       0       0       0       0       0       0       0       0       0       0       0       0
      Totals:         6       0       0       0       0       0       0       0       0       0       0       0       0       0       0       0
Total ram usage:        6 bytes
 Hardware stack levels required when called:    6
 This function calls:
		_CAN_receive
		_ECAN_Initialize
		_L6470_CMD
		_L6470_Init
		_L6470_Run
		_L6470_Stop
		_SPI_Init
		_ServoOut
		_Wait
		_can_recieve
 This function is called by:
		Startup code after reset
 This function uses a non-reentrant model


 *************** function _can_recieve *****************
 Defined at:
		line 61 in file "can_command.c"
 Parameters:    Size  Location     Type
  rxMessage      14   32[COMRAM] struct .
 Auto vars:     Size  Location     Type
		None
 Return value:  Size  Location     Type
                  1    wreg      unsigned char 
 Registers used:
		wreg, fsr2l, fsr2h, status,2, status,0, cstack
 Tracked objects:
		On entry : 
		On exit  : 
		Unchanged: 
 Data sizes:     COMRAM   BANK0   BANK1   BANK2   BANK3   BANK4   BANK5   BANK6   BANK7   BANK8   BANK9  BANK10  BANK11  BANK12  BANK13  BANK14
      Params:        14       0       0       0       0       0       0       0       0       0       0       0       0       0       0       0
      Locals:         0       0       0       0       0       0       0       0       0       0       0       0       0       0       0       0
      Temps:          0       0       0       0       0       0       0       0       0       0       0       0       0       0       0       0
      Totals:        14       0       0       0       0       0       0       0       0       0       0       0       0       0       0       0
Total ram usage:       14 bytes
 Hardware stack levels used:    1
 Hardware stack levels required when called:    5
 This function calls:
		_L6470_command
		_ServoOut
 This function is called by:
		_main
 This function uses a non-reentrant model


 *************** function _ServoOut *****************
 Defined at:
		line 24 in file "servo.c"
 Parameters:    Size  Location     Type
  angle           2   26[COMRAM] int 
 Auto vars:     Size  Location     Type
  value           4   28[COMRAM] long 
 Return value:  Size  Location     Type
                  1    wreg      void 
 Registers used:
		wreg, status,2, status,0, cstack
 Tracked objects:
		On entry : 
		On exit  : 
		Unchanged: 
 Data sizes:     COMRAM   BANK0   BANK1   BANK2   BANK3   BANK4   BANK5   BANK6   BANK7   BANK8   BANK9  BANK10  BANK11  BANK12  BANK13  BANK14
      Params:         2       0       0       0       0       0       0       0       0       0       0       0       0       0       0       0
      Locals:         4       0       0       0       0       0       0       0       0       0       0       0       0       0       0       0
      Temps:          0       0       0       0       0       0       0       0       0       0       0       0       0       0       0       0
      Totals:         6       0       0       0       0       0       0       0       0       0       0       0       0       0       0       0
Total ram usage:        6 bytes
 Hardware stack levels used:    1
 Hardware stack levels required when called:    2
 This function calls:
		___aldiv
		___lmul
 This function is called by:
		_main
		_can_recieve
 This function uses a non-reentrant model


 *************** function ___lmul *****************
 Defined at:
		line 15 in file "C:\Program Files (x86)\Microchip\xc8\v2.05\pic\sources\c99\common\Umul32.c"
 Parameters:    Size  Location     Type
  multiplier      4    0[COMRAM] unsigned long 
  multiplicand    4    4[COMRAM] unsigned long 
 Auto vars:     Size  Location     Type
  product         4    8[COMRAM] unsigned long 
 Return value:  Size  Location     Type
                  4    0[COMRAM] unsigned long 
 Registers used:
		wreg, status,2, status,0
 Tracked objects:
		On entry : 
		On exit  : 
		Unchanged: 
 Data sizes:     COMRAM   BANK0   BANK1   BANK2   BANK3   BANK4   BANK5   BANK6   BANK7   BANK8   BANK9  BANK10  BANK11  BANK12  BANK13  BANK14
      Params:         8       0       0       0       0       0       0       0       0       0       0       0       0       0       0       0
      Locals:         4       0       0       0       0       0       0       0       0       0       0       0       0       0       0       0
      Temps:          0       0       0       0       0       0       0       0       0       0       0       0       0       0       0       0
      Totals:        12       0       0       0       0       0       0       0       0       0       0       0       0       0       0       0
Total ram usage:       12 bytes
 Hardware stack levels used:    1
 Hardware stack levels required when called:    1
 This function calls:
		Nothing
 This function is called by:
		_ServoOut
 This function uses a non-reentrant model


 *************** function ___aldiv *****************
 Defined at:
		line 7 in file "C:\Program Files (x86)\Microchip\xc8\v2.05\pic\sources\c99\common\aldiv.c"
 Parameters:    Size  Location     Type
  dividend        4   12[COMRAM] long 
  divisor         4   16[COMRAM] long 
 Auto vars:     Size  Location     Type
  quotient        4   22[COMRAM] long 
  sign            1   21[COMRAM] unsigned char 
  counter         1   20[COMRAM] unsigned char 
 Return value:  Size  Location     Type
                  4   12[COMRAM] long 
 Registers used:
		wreg, status,2, status,0
 Tracked objects:
		On entry : 
		On exit  : 
		Unchanged: 
 Data sizes:     COMRAM   BANK0   BANK1   BANK2   BANK3   BANK4   BANK5   BANK6   BANK7   BANK8   BANK9  BANK10  BANK11  BANK12  BANK13  BANK14
      Params:         8       0       0       0       0       0       0       0       0       0       0       0       0       0       0       0
      Locals:         6       0       0       0       0       0       0       0       0       0       0       0       0       0       0       0
      Temps:          0       0       0       0       0       0       0       0       0       0       0       0       0       0       0       0
      Totals:        14       0       0       0       0       0       0       0       0       0       0       0       0       0       0       0
Total ram usage:       14 bytes
 Hardware stack levels used:    1
 Hardware stack levels required when called:    1
 This function calls:
		Nothing
 This function is called by:
		_ServoOut
 This function uses a non-reentrant model


 *************** function _L6470_command *****************
 Defined at:
		line 28 in file "can_command.c"
 Parameters:    Size  Location     Type
		None
 Auto vars:     Size  Location     Type
		None
 Return value:  Size  Location     Type
                  1    wreg      void 
 Registers used:
		wreg, fsr2l, fsr2h, status,2, status,0, cstack
 Tracked objects:
		On entry : 
		On exit  : 
		Unchanged: 
 Data sizes:     COMRAM   BANK0   BANK1   BANK2   BANK3   BANK4   BANK5   BANK6   BANK7   BANK8   BANK9  BANK10  BANK11  BANK12  BANK13  BANK14
      Params:         0       0       0       0       0       0       0       0       0       0       0       0       0       0       0       0
      Locals:         0       0       0       0       0       0       0       0       0       0       0       0       0       0       0       0
      Temps:          2       0       0       0       0       0       0       0       0       0       0       0       0       0       0       0
      Totals:         2       0       0       0       0       0       0       0       0       0       0       0       0       0       0       0
Total ram usage:        2 bytes
 Hardware stack levels used:    1
 Hardware stack levels required when called:    4
 This function calls:
		_L6470_CMD
		_L6470_GetRegister
		_L6470_Move
		_L6470_Run
		_L6470_Stop
		_L6470_change
 This function is called by:
		_can_recieve
 This function uses a non-reentrant model


 *************** function _L6470_change *****************
 Defined at:
		line 18 in file "can_command.c"
 Parameters:    Size  Location     Type
  dt              2    0[COMRAM] PTR unsigned char 
		 -> data(8), 
  num             2    2[COMRAM] int 
 Auto vars:     Size  Location     Type
  val             4   11[COMRAM] unsigned long 
  i               2    9[COMRAM] int 
 Return value:  Size  Location     Type
                  4    0[COMRAM] unsigned long 
 Registers used:
		wreg, fsr2l, fsr2h, status,2, status,0
 Tracked objects:
		On entry : 
		On exit  : 
		Unchanged: 
 Data sizes:     COMRAM   BANK0   BANK1   BANK2   BANK3   BANK4   BANK5   BANK6   BANK7   BANK8   BANK9  BANK10  BANK11  BANK12  BANK13  BANK14
      Params:         4       0       0       0       0       0       0       0       0       0       0       0       0       0       0       0
      Locals:         6       0       0       0       0       0       0       0       0       0       0       0       0       0       0       0
      Temps:          5       0       0       0       0       0       0       0       0       0       0       0       0       0       0       0
      Totals:        15       0       0       0       0       0       0       0       0       0       0       0       0       0       0       0
Total ram usage:       15 bytes
 Hardware stack levels used:    1
 Hardware stack levels required when called:    1
 This function calls:
		Nothing
 This function is called by:
		_L6470_command
 This function uses a non-reentrant model


 *************** function _L6470_Stop *****************
 Defined at:
		line 205 in file "L6470.c"
 Parameters:    Size  Location     Type
  mode            2    1[COMRAM] int 
 Auto vars:     Size  Location     Type
  cmd             4    3[COMRAM] unsigned char [4]
 Return value:  Size  Location     Type
                  1    wreg      void 
 Registers used:
		wreg, fsr2l, fsr2h, status,2, status,0, cstack
 Tracked objects:
		On entry : 
		On exit  : 
		Unchanged: 
 Data sizes:     COMRAM   BANK0   BANK1   BANK2   BANK3   BANK4   BANK5   BANK6   BANK7   BANK8   BANK9  BANK10  BANK11  BANK12  BANK13  BANK14
      Params:         2       0       0       0       0       0       0       0       0       0       0       0       0       0       0       0
      Locals:         4       0       0       0       0       0       0       0       0       0       0       0       0       0       0       0
      Temps:          0       0       0       0       0       0       0       0       0       0       0       0       0       0       0       0
      Totals:         6       0       0       0       0       0       0       0       0       0       0       0       0       0       0       0
Total ram usage:        6 bytes
 Hardware stack levels used:    1
 Hardware stack levels required when called:    2
 This function calls:
		_SPI_transfer
 This function is called by:
		_main
		_L6470_command
 This function uses a non-reentrant model


 *************** function _L6470_Run *****************
 Defined at:
		line 174 in file "L6470.c"
 Parameters:    Size  Location     Type
  dir             1    wreg     unsigned char 
  speed           4   18[COMRAM] unsigned long 
 Auto vars:     Size  Location     Type
  dir             1   22[COMRAM] unsigned char 
 Return value:  Size  Location     Type
                  1    wreg      void 
 Registers used:
		wreg, fsr2l, fsr2h, status,2, status,0, cstack
 Tracked objects:
		On entry : 
		On exit  : 
		Unchanged: 
 Data sizes:     COMRAM   BANK0   BANK1   BANK2   BANK3   BANK4   BANK5   BANK6   BANK7   BANK8   BANK9  BANK10  BANK11  BANK12  BANK13  BANK14
      Params:         4       0       0       0       0       0       0       0       0       0       0       0       0       0       0       0
      Locals:         1       0       0       0       0       0       0       0       0       0       0       0       0       0       0       0
      Temps:          0       0       0       0       0       0       0       0       0       0       0       0       0       0       0       0
      Totals:         5       0       0       0       0       0       0       0       0       0       0       0       0       0       0       0
Total ram usage:        5 bytes
 Hardware stack levels used:    1
 Hardware stack levels required when called:    3
 This function calls:
		_CMD_Send
 This function is called by:
		_main
		_L6470_command
 This function uses a non-reentrant model


 *************** function _L6470_Move *****************
 Defined at:
		line 188 in file "L6470.c"
 Parameters:    Size  Location     Type
  dir             1    wreg     unsigned char 
  step            4   18[COMRAM] unsigned long 
 Auto vars:     Size  Location     Type
  dir             1   22[COMRAM] unsigned char 
 Return value:  Size  Location     Type
                  1    wreg      void 
 Registers used:
		wreg, fsr2l, fsr2h, status,2, status,0, cstack
 Tracked objects:
		On entry : 
		On exit  : 
		Unchanged: 
 Data sizes:     COMRAM   BANK0   BANK1   BANK2   BANK3   BANK4   BANK5   BANK6   BANK7   BANK8   BANK9  BANK10  BANK11  BANK12  BANK13  BANK14
      Params:         4       0       0       0       0       0       0       0       0       0       0       0       0       0       0       0
      Locals:         1       0       0       0       0       0       0       0       0       0       0       0       0       0       0       0
      Temps:          0       0       0       0       0       0       0       0       0       0       0       0       0       0       0       0
      Totals:         5       0       0       0       0       0       0       0       0       0       0       0       0       0       0       0
Total ram usage:        5 bytes
 Hardware stack levels used:    1
 Hardware stack levels required when called:    3
 This function calls:
		_CMD_Send
 This function is called by:
		_L6470_command
 This function uses a non-reentrant model


 *************** function _L6470_CMD *****************
 Defined at:
		line 215 in file "L6470.c"
 Parameters:    Size  Location     Type
  command         2    1[COMRAM] int 
 Auto vars:     Size  Location     Type
		None
 Return value:  Size  Location     Type
                  1    wreg      void 
 Registers used:
		wreg, status,2, status,0, cstack
 Tracked objects:
		On entry : 
		On exit  : 
		Unchanged: 
 Data sizes:     COMRAM   BANK0   BANK1   BANK2   BANK3   BANK4   BANK5   BANK6   BANK7   BANK8   BANK9  BANK10  BANK11  BANK12  BANK13  BANK14
      Params:         2       0       0       0       0       0       0       0       0       0       0       0       0       0       0       0
      Locals:         0       0       0       0       0       0       0       0       0       0       0       0       0       0       0       0
      Temps:          0       0       0       0       0       0       0       0       0       0       0       0       0       0       0       0
      Totals:         2       0       0       0       0       0       0       0       0       0       0       0       0       0       0       0
Total ram usage:        2 bytes
 Hardware stack levels used:    1
 Hardware stack levels required when called:    2
 This function calls:
		_SPI_transfer
 This function is called by:
		_main
		_L6470_command
 This function uses a non-reentrant model


 *************** function _Wait *****************
 Defined at:
		line 215 in file "main.c"
 Parameters:    Size  Location     Type
  num             2    0[COMRAM] unsigned int 
 Auto vars:     Size  Location     Type
  i               2    3[COMRAM] int 
 Return value:  Size  Location     Type
                  1    wreg      void 
 Registers used:
		wreg, status,2, status,0
 Tracked objects:
		On entry : 
		On exit  : 
		Unchanged: 
 Data sizes:     COMRAM   BANK0   BANK1   BANK2   BANK3   BANK4   BANK5   BANK6   BANK7   BANK8   BANK9  BANK10  BANK11  BANK12  BANK13  BANK14
      Params:         2       0       0       0       0       0       0       0       0       0       0       0       0       0       0       0
      Locals:         2       0       0       0       0       0       0       0       0       0       0       0       0       0       0       0
      Temps:          1       0       0       0       0       0       0       0       0       0       0       0       0       0       0       0
      Totals:         5       0       0       0       0       0       0       0       0       0       0       0       0       0       0       0
Total ram usage:        5 bytes
 Hardware stack levels used:    1
 Hardware stack levels required when called:    1
 This function calls:
		Nothing
 This function is called by:
		_main
 This function uses a non-reentrant model


 *************** function _SPI_Init *****************
 Defined at:
		line 36 in file "SPIlib.c"
 Parameters:    Size  Location     Type
  mode            1    wreg     unsigned char 
  divider         1    0[COMRAM] unsigned char 
  sdo             2    1[COMRAM] int 
 Auto vars:     Size  Location     Type
  mode            1    5[COMRAM] unsigned char 
  con             1    4[COMRAM] unsigned char 
  stat            1    3[COMRAM] unsigned char 
 Return value:  Size  Location     Type
                  1    wreg      void 
 Registers used:
		wreg, status,2, status,0
 Tracked objects:
		On entry : 
		On exit  : 
		Unchanged: 
 Data sizes:     COMRAM   BANK0   BANK1   BANK2   BANK3   BANK4   BANK5   BANK6   BANK7   BANK8   BANK9  BANK10  BANK11  BANK12  BANK13  BANK14
      Params:         3       0       0       0       0       0       0       0       0       0       0       0       0       0       0       0
      Locals:         3       0       0       0       0       0       0       0       0       0       0       0       0       0       0       0
      Temps:          0       0       0       0       0       0       0       0       0       0       0       0       0       0       0       0
      Totals:         6       0       0       0       0       0       0       0       0       0       0       0       0       0       0       0
Total ram usage:        6 bytes
 Hardware stack levels used:    1
 Hardware stack levels required when called:    1
 This function calls:
		Nothing
 This function is called by:
		_main
 This function uses a non-reentrant model


 *************** function _L6470_Init *****************
 Defined at:
		line 62 in file "L6470.c"
 Parameters:    Size  Location     Type
		None
 Auto vars:     Size  Location     Type
  val             4   27[COMRAM] long 
  i               2   31[COMRAM] int 
  config          2   24[COMRAM] struct CONFIG_t
  step_mode       1   26[COMRAM] struct STEP_MODE_t
 Return value:  Size  Location     Type
                  4   20[COMRAM] unsigned long 
 Registers used:
		wreg, fsr2l, fsr2h, status,2, status,0, cstack
 Tracked objects:
		On entry : 
		On exit  : 
		Unchanged: 
 Data sizes:     COMRAM   BANK0   BANK1   BANK2   BANK3   BANK4   BANK5   BANK6   BANK7   BANK8   BANK9  BANK10  BANK11  BANK12  BANK13  BANK14
      Params:         4       0       0       0       0       0       0       0       0       0       0       0       0       0       0       0
      Locals:         9       0       0       0       0       0       0       0       0       0       0       0       0       0       0       0
      Temps:          0       0       0       0       0       0       0       0       0       0       0       0       0       0       0       0
      Totals:        13       0       0       0       0       0       0       0       0       0       0       0       0       0       0       0
Total ram usage:       13 bytes
 Hardware stack levels used:    1
 Hardware stack levels required when called:    3
 This function calls:
		_CMD_Send
		_L6470_GetRegister
		_SPI_transfer
 This function is called by:
		_main
 This function uses a non-reentrant model


 *************** function _L6470_GetRegister *****************
 Defined at:
		line 112 in file "L6470.c"
 Parameters:    Size  Location     Type
  regadrs         1    wreg     unsigned char 
  num             2    1[COMRAM] int 
 Auto vars:     Size  Location     Type
  regadrs         1   15[COMRAM] unsigned char 
  ans             4   16[COMRAM] unsigned long 
  dt              4    9[COMRAM] unsigned long 
  i               2   13[COMRAM] int 
 Return value:  Size  Location     Type
                  4    1[COMRAM] unsigned long 
 Registers used:
		wreg, status,2, status,0, cstack
 Tracked objects:
		On entry : 
		On exit  : 
		Unchanged: 
 Data sizes:     COMRAM   BANK0   BANK1   BANK2   BANK3   BANK4   BANK5   BANK6   BANK7   BANK8   BANK9  BANK10  BANK11  BANK12  BANK13  BANK14
      Params:         4       0       0       0       0       0       0       0       0       0       0       0       0       0       0       0
      Locals:        11       0       0       0       0       0       0       0       0       0       0       0       0       0       0       0
      Temps:          4       0       0       0       0       0       0       0       0       0       0       0       0       0       0       0
      Totals:        19       0       0       0       0       0       0       0       0       0       0       0       0       0       0       0
Total ram usage:       19 bytes
 Hardware stack levels used:    1
 Hardware stack levels required when called:    2
 This function calls:
		_SPI_transfer
 This function is called by:
		_L6470_Init
		_L6470_command
		_L6470_ALARM
 This function uses a non-reentrant model


 *************** function _CMD_Send *****************
 Defined at:
		line 27 in file "L6470.c"
 Parameters:    Size  Location     Type
  cmd             1    wreg     unsigned char 
  val             4    1[COMRAM] unsigned long 
  num             2    5[COMRAM] int 
 Auto vars:     Size  Location     Type
  cmd             1   15[COMRAM] unsigned char 
  dt              4   11[COMRAM] unsigned char [4]
  i               2   16[COMRAM] int 
 Return value:  Size  Location     Type
                  1    wreg      void 
 Registers used:
		wreg, fsr2l, fsr2h, status,2, status,0, cstack
 Tracked objects:
		On entry : 
		On exit  : 
		Unchanged: 
 Data sizes:     COMRAM   BANK0   BANK1   BANK2   BANK3   BANK4   BANK5   BANK6   BANK7   BANK8   BANK9  BANK10  BANK11  BANK12  BANK13  BANK14
      Params:         6       0       0       0       0       0       0       0       0       0       0       0       0       0       0       0
      Locals:         7       0       0       0       0       0       0       0       0       0       0       0       0       0       0       0
      Temps:          4       0       0       0       0       0       0       0       0       0       0       0       0       0       0       0
      Totals:        17       0       0       0       0       0       0       0       0       0       0       0       0       0       0       0
Total ram usage:       17 bytes
 Hardware stack levels used:    1
 Hardware stack levels required when called:    2
 This function calls:
		_SPI_transfer
 This function is called by:
		_L6470_Init
		_L6470_Run
		_L6470_Move
 This function uses a non-reentrant model


 *************** function _SPI_transfer *****************
 Defined at:
		line 119 in file "SPIlib.c"
 Parameters:    Size  Location     Type
  dt              1    wreg     unsigned char 
 Auto vars:     Size  Location     Type
  dt              1    0[COMRAM] unsigned char 
 Return value:  Size  Location     Type
                  1    wreg      unsigned char 
 Registers used:
		wreg, status,2
 Tracked objects:
		On entry : 
		On exit  : 
		Unchanged: 
 Data sizes:     COMRAM   BANK0   BANK1   BANK2   BANK3   BANK4   BANK5   BANK6   BANK7   BANK8   BANK9  BANK10  BANK11  BANK12  BANK13  BANK14
      Params:         0       0       0       0       0       0       0       0       0       0       0       0       0       0       0       0
      Locals:         1       0       0       0       0       0       0       0       0       0       0       0       0       0       0       0
      Temps:          0       0       0       0       0       0       0       0       0       0       0       0       0       0       0       0
      Totals:         1       0       0       0       0       0       0       0       0       0       0       0       0       0       0       0
Total ram usage:        1 bytes
 Hardware stack levels used:    1
 Hardware stack levels required when called:    1
 This function calls:
		Nothing
 This function is called by:
		_CMD_Send
		_L6470_Init
		_L6470_GetRegister
		_L6470_Stop
		_L6470_CMD
 This function uses a non-reentrant model


 *************** function _ECAN_Initialize *****************
 Defined at:
		line 62 in file "mcc_generated_files/ecan.c"
 Parameters:    Size  Location     Type
		None
 Auto vars:     Size  Location     Type
		None
 Return value:  Size  Location     Type
                  1    wreg      void 
 Registers used:
		wreg, status,2, status,0
 Tracked objects:
		On entry : 
		On exit  : 
		Unchanged: 
 Data sizes:     COMRAM   BANK0   BANK1   BANK2   BANK3   BANK4   BANK5   BANK6   BANK7   BANK8   BANK9  BANK10  BANK11  BANK12  BANK13  BANK14
      Params:         0       0       0       0       0       0       0       0       0       0       0       0       0       0       0       0
      Locals:         0       0       0       0       0       0       0       0       0       0       0       0       0       0       0       0
      Temps:          1       0       0       0       0       0       0       0       0       0       0       0       0       0       0       0
      Totals:         1       0       0       0       0       0       0       0       0       0       0       0       0       0       0       0
Total ram usage:        1 bytes
 Hardware stack levels used:    1
 Hardware stack levels required when called:    1
 This function calls:
		Nothing
 This function is called by:
		_main
 This function uses a non-reentrant model


 *************** function _CAN_receive *****************
 Defined at:
		line 241 in file "mcc_generated_files/ecan.c"
 Parameters:    Size  Location     Type
  tempCanMsg      2   19[COMRAM] PTR struct .
		 -> rxMessage(14), 
 Auto vars:     Size  Location     Type
  returnValue     1   21[COMRAM] unsigned char 
 Return value:  Size  Location     Type
                  1    wreg      unsigned char 
 Registers used:
		wreg, fsr2l, fsr2h, status,2, status,0, cstack
 Tracked objects:
		On entry : 
		On exit  : 
		Unchanged: 
 Data sizes:     COMRAM   BANK0   BANK1   BANK2   BANK3   BANK4   BANK5   BANK6   BANK7   BANK8   BANK9  BANK10  BANK11  BANK12  BANK13  BANK14
      Params:         2       0       0       0       0       0       0       0       0       0       0       0       0       0       0       0
      Locals:         1       0       0       0       0       0       0       0       0       0       0       0       0       0       0       0
      Temps:          0       0       0       0       0       0       0       0       0       0       0       0       0       0       0       0
      Totals:         3       0       0       0       0       0       0       0       0       0       0       0       0       0       0       0
Total ram usage:        3 bytes
 Hardware stack levels used:    1
 Hardware stack levels required when called:    2
 This function calls:
		_convertReg2ExtendedCANid
		_convertReg2StandardCANid
 This function is called by:
		_main
 This function uses a non-reentrant model


 *************** function _convertReg2StandardCANid *****************
 Defined at:
		line 387 in file "mcc_generated_files/ecan.c"
 Parameters:    Size  Location     Type
  tempRXBn_SID    1    wreg     unsigned char 
  tempRXBn_SID    1    0[COMRAM] unsigned char 
 Auto vars:     Size  Location     Type
  tempRXBn_SID    1    6[COMRAM] unsigned char 
  ConvertedID     4   11[COMRAM] unsigned long 
  returnValue     4    7[COMRAM] unsigned long 
 Return value:  Size  Location     Type
                  4    0[COMRAM] unsigned long 
 Registers used:
		wreg, status,2, status,0
 Tracked objects:
		On entry : 
		On exit  : 
		Unchanged: 
 Data sizes:     COMRAM   BANK0   BANK1   BANK2   BANK3   BANK4   BANK5   BANK6   BANK7   BANK8   BANK9  BANK10  BANK11  BANK12  BANK13  BANK14
      Params:         4       0       0       0       0       0       0       0       0       0       0       0       0       0       0       0
      Locals:         9       0       0       0       0       0       0       0       0       0       0       0       0       0       0       0
      Temps:          2       0       0       0       0       0       0       0       0       0       0       0       0       0       0       0
      Totals:        15       0       0       0       0       0       0       0       0       0       0       0       0       0       0       0
Total ram usage:       15 bytes
 Hardware stack levels used:    1
 Hardware stack levels required when called:    1
 This function calls:
		Nothing
 This function is called by:
		_CAN_receive
 This function uses a non-reentrant model


 *************** function _convertReg2ExtendedCANid *****************
 Defined at:
		line 366 in file "mcc_generated_files/ecan.c"
 Parameters:    Size  Location     Type
  tempRXBn_EID    1    wreg     unsigned char 
  tempRXBn_EID    1    0[COMRAM] unsigned char 
  tempRXBn_SID    1    1[COMRAM] unsigned char 
  tempRXBn_SID    1    2[COMRAM] unsigned char 
 Auto vars:     Size  Location     Type
  tempRXBn_EID    1    8[COMRAM] unsigned char 
  ConvertedID     4   15[COMRAM] unsigned long 
  returnValue     4    9[COMRAM] unsigned long 
  CAN_standard    1   14[COMRAM] unsigned char 
  CAN_standard    1   13[COMRAM] unsigned char 
 Return value:  Size  Location     Type
                  4    0[COMRAM] unsigned long 
 Registers used:
		wreg, status,2, status,0
 Tracked objects:
		On entry : 
		On exit  : 
		Unchanged: 
 Data sizes:     COMRAM   BANK0   BANK1   BANK2   BANK3   BANK4   BANK5   BANK6   BANK7   BANK8   BANK9  BANK10  BANK11  BANK12  BANK13  BANK14
      Params:         4       0       0       0       0       0       0       0       0       0       0       0       0       0       0       0
      Locals:        11       0       0       0       0       0       0       0       0       0       0       0       0       0       0       0
      Temps:          4       0       0       0       0       0       0       0       0       0       0       0       0       0       0       0
      Totals:        19       0       0       0       0       0       0       0       0       0       0       0       0       0       0       0
Total ram usage:       19 bytes
 Hardware stack levels used:    1
 Hardware stack levels required when called:    1
 This function calls:
		Nothing
 This function is called by:
		_CAN_receive
 This function uses a non-reentrant model


 *************** function _InterTimer *****************
 Defined at:
		line 7 in file "servo.c"
 Parameters:    Size  Location     Type
		None
 Auto vars:     Size  Location     Type
		None
 Return value:  Size  Location     Type
                  1    wreg      void 
 Registers used:
		wreg, status,2
 Tracked objects:
		On entry : 
		On exit  : 
		Unchanged: 
 Data sizes:     COMRAM   BANK0   BANK1   BANK2   BANK3   BANK4   BANK5   BANK6   BANK7   BANK8   BANK9  BANK10  BANK11  BANK12  BANK13  BANK14
      Params:         0       0       0       0       0       0       0       0       0       0       0       0       0       0       0       0
      Locals:         0       0       0       0       0       0       0       0       0       0       0       0       0       0       0       0
      Temps:          0       0       0       0       0       0       0       0       0       0       0       0       0       0       0       0
      Totals:         0       0       0       0       0       0       0       0       0       0       0       0       0       0       0       0
Total ram usage:        0 bytes
 Hardware stack levels used:    1
 This function calls:
		Nothing
 This function is called by:
		Interrupt level 2
 This function uses a non-reentrant model



MODULE INFORMATION

Module		Function		Class		Link	Load	Size
C:\Program Files (x86)\Microchip\xc8\v2.05\pic\sources\c99\common\Umul32.c
		___lmul        		CODE           	0D40	0000	87

C:\Program Files (x86)\Microchip\xc8\v2.05\pic\sources\c99\common\Umul32.c estimated size: 87

servo.c
		_InterTimer    		CODE           	0008	0000	41
		_ServoOut      		CODE           	0BC6	0000	139

servo.c estimated size: 180

can_command.c
		_L6470_change  		CODE           	0C50	0000	123
		_L6470_command 		CODE           	07C8	0000	275
		_can_recieve   		CODE           	0DE0	0000	73

can_command.c estimated size: 471

C:\Program Files (x86)\Microchip\xc8\v2.05\pic\sources\c99\common\aldiv.c
		___aldiv       		CODE           	08DA	0000	205

C:\Program Files (x86)\Microchip\xc8\v2.05\pic\sources\c99\common\aldiv.c estimated size: 205

mcc_generated_files/ecan.c
		_CAN_receive   		CODE           	0274	0000	549
		_ECAN_Initialize		CODE           	0B18	0000	175
		_convertReg2ExtendedCANid		CODE           	0690	0000	313
		_convertReg2StandardCANid		CODE           	0CCA	0000	119

mcc_generated_files/ecan.c estimated size: 1156

shared
		__initialization		CODE           	0E28	0000	57

shared estimated size: 57

SPIlib.c
		_SPI_Init      		CODE           	0D96	0000	75
		_SPI_transfer  		CODE           	0F46	0000	17

SPIlib.c estimated size: 92

L6470.c
		_L6470_CMD     		CODE           	0F2E	0000	25
		_L6470_Stop    		CODE           	0E6E	0000	53
		_L6470_GetRegister		CODE           	09A6	0000	191
		_L6470_Init    		CODE           	0498	0000	505
		_CMD_Send      		CODE           	0A64	0000	181
		_L6470_Run     		CODE           	0ED4	0000	49
		_L6470_Move    		CODE           	0EA2	0000	51

L6470.c estimated size: 1055

main.c
		_main          		CODE           	0034	0000	577
		_Wait          		CODE           	0F04	0000	43

main.c estimated size: 620

